[36mvite v8.0.13 [32mbuilding client environment for production...[36m[39m
[2K
transforming...Γ£ô 2190 modules transformed.
rendering chunks...
node.exe : [31mΓ£ù[39m 
Build failed in 794ms
At line:1 char:1
+ & "C:\Program 
Files\nodejs/node.exe" "C:\Us
ers\HP\AppData\Roaming\npm 
...
+ ~~~~~~~~~~~~~~~~~~~~~~~~~~~
~~~~~~~~~~~~~~~~~~~~~~~~~~~~~
~~~~~~~~~~~~~
    + CategoryInfo           
   : NotSpecified: ([31mΓ£  
  ù[39m Build failed in 7   
 94ms:String) [], RemoteE    
xception
    + FullyQualifiedErrorId  
   : NativeCommandError
 
[31merror during build:
[31mBuild failed with 1 
error:

[31m[MISSING_EXPORT] 
[0m"Linkedin" is not 
exported by "node_modules/luc
ide-react/dist/esm/lucide-rea
ct.mjs".
   [38;5;246mΓò¡[0m[38;5;2
46mΓöÇ[0m[38;5;246m[[0m sr
c/components/Footer.jsx:2:10 
[38;5;246m][0m
   [38;5;246mΓöé[0m
 [38;5;246m2 Γöé[0m [38;5;
249mi[0m[38;5;249mm[0m[38
;5;249mp[0m[38;5;249mo[0m
[38;5;249mr[0m[38;5;249mt[
0m[38;5;249m [0m[38;5;249m
{[0m[38;5;249m 
[0mLinkedin[38;5;249m [0m
[38;5;249m}[0m[38;5;249m [
0m[38;5;249mf[0m[38;5;249m
r[0m[38;5;249mo[0m[38;5;2
49mm[0m[38;5;249m [0m[38;
5;249m"[0m[38;5;249ml[0m[
38;5;249mu[0m[38;5;249mc[0
m[38;5;249mi[0m[38;5;249md
[0m[38;5;249me[0m[38;5;24
9m-[0m[38;5;249mr[0m[38;5
;249me[0m[38;5;249ma[0m[3
8;5;249mc[0m[38;5;249mt[0m
[38;5;249m"[0m[38;5;249m;
[0m
 [38;5;240m  Γöé[0m        
  ΓöÇΓöÇΓöÇΓöÇΓö¼ΓöÇΓöÇΓöÇ  
 [38;5;240m  Γöé[0m        
      Γò░ΓöÇΓöÇΓöÇΓöÇΓöÇ 
Missing export
[38;5;246mΓöÇΓöÇΓöÇΓò»[0m
[31m
    at aggregateBindingErrors
IntoJsError (file:///C:/Users
/HP/OneDrive/Desktop/Gbolahan
/commitFit/node_modules/rolld
own/dist/shared/error-CkdMJ9p
s.mjs:48:18)
    at unwrapBindingResult (f
ile:///C:/Users/HP/OneDrive/D
esktop/Gbolahan/commitFit/nod
e_modules/rolldown/dist/share
d/error-CkdMJ9ps.mjs:18:128)
    at #build (file:///C:/Use
rs/HP/OneDrive/Desktop/Gbolah
an/commitFit/node_modules/rol
ldown/dist/shared/rolldown-bu
ild-BVD3dIdE.mjs:3275:34)
    at async 
buildEnvironment (file:///C:/
Users/HP/OneDrive/Desktop/Gbo
lahan/commitFit/node_modules/
vite/dist/node/chunks/node.js
:33133:64)
    at async Object.build (fi
le:///C:/Users/HP/OneDrive/De
sktop/Gbolahan/commitFit/node
_modules/vite/dist/node/chunk
s/node.js:33555:19)
    at async Object.buildApp 
(file:///C:/Users/HP/OneDrive
/Desktop/Gbolahan/commitFit/n
ode_modules/vite/dist/node/ch
unks/node.js:33552:153)
    at async CAC.<anonymous> 
(file:///C:/Users/HP/OneDrive
/Desktop/Gbolahan/commitFit/n
ode_modules/vite/dist/node/cl
i.js:777:3) {
  errors: [Getter/Setter]
}[39m
